
==============================================
  HACKHUB LOG FILE
  Started: 03/09/2026, 01:19:45
  Version: 1.1.2
  Platform: win32
  Arch: x64
==============================================


==============================================
[03/09/2026, 01:19:45] [INFO]
----------------------------------------------
Steamworks initalized: Zeis [ZF] - 76561197976480835
==============================================

==============================================
[03/09/2026, 01:19:45] [INFO]
----------------------------------------------
[WorkshopController] initialized with appId: 2980270
==============================================

==============================================
[03/09/2026, 01:19:46] [INFO]
----------------------------------------------
[RENDERER] [Markdown Note Editor] Mod loaded.
==============================================

==============================================
[03/09/2026, 01:19:46] [INFO]
----------------------------------------------
[RENDERER] [nemesis-protocol-stage1] Nemesis Protocol loaded. The mission is waiting in the HackHub feed.
==============================================

==============================================
[03/09/2026, 01:19:46] [INFO]
----------------------------------------------
[RENDERER] Custom Browser mod loaded with ordered categories!
==============================================

==============================================
[03/09/2026, 01:19:46] [INFO]
----------------------------------------------
[RENDERER] RetroArcade v1.0.0 loaded!
==============================================

==============================================
[03/09/2026, 01:19:46] [INFO]
----------------------------------------------
[RENDERER] [darknet-tree] Darknet-Tree loaded! Check the App Store for NotePad.
==============================================

==============================================
[03/09/2026, 01:19:46] [INFO]
----------------------------------------------
[RENDERER] [synthetik-wallet] Synthetik Wallet loaded! Find it in the App Store.
==============================================

==============================================
[03/09/2026, 01:19:46] [INFO]
----------------------------------------------
[RENDERER] [GhostLink] v1.0.2 loaded
==============================================

==============================================
[03/09/2026, 01:19:46] [INFO]
----------------------------------------------
[RENDERER] [python-is-python3] Mod loaded! Run: apt-get install python-is-python3
==============================================

==============================================
[03/09/2026, 01:19:46] [INFO]
----------------------------------------------
[RENDERER] Lockchain Wallet mod loaded: websites, phone wallet, marketplace, miner, and isolated RPC registered.
==============================================

==============================================
[03/09/2026, 01:19:46] [INFO]
----------------------------------------------
[RENDERER] [Fishception] biological daemon loaded
==============================================

==============================================
[03/09/2026, 01:19:46] [INFO]
----------------------------------------------
[RENDERER] [Beginner Handbook+] Registered 109 handbook pages without title prefixes. Language: en.
==============================================

==============================================
[03/09/2026, 01:19:46] [INFO]
----------------------------------------------
[RENDERER] [vault-manager] Vault Manager loaded — password vault & sticky notes ready.
==============================================

==============================================
[03/09/2026, 01:19:47] [ERROR]
----------------------------------------------
(node:30896) [DEP0169] DeprecationWarning: `url.parse()` behavior is not standardized and prone to errors that have security implications. Use the WHATWG URL API instead. CVEs are not issued for `url.parse()` vulnerabilities.
(Use `Hackhub --trace-deprecation ...` to show where the warning was created)
==============================================

==============================================
  APPLICATION CLOSING
  Time: 03/09/2026, 01:21:57
==============================================

==============================================
  HACKHUB LOG FILE
  Started: 03/09/2026, 01:22:10
  Version: 1.1.2
  Platform: win32
  Arch: x64
==============================================


==============================================
[03/09/2026, 01:22:10] [INFO]
----------------------------------------------
Steamworks initalized: Zeis [ZF] - 76561197976480835
==============================================

==============================================
[03/09/2026, 01:22:10] [INFO]
----------------------------------------------
[WorkshopController] initialized with appId: 2980270
==============================================

==============================================
[03/09/2026, 01:22:11] [INFO]
----------------------------------------------
[RENDERER] [Markdown Note Editor] Mod loaded.
==============================================

==============================================
[03/09/2026, 01:22:11] [INFO]
----------------------------------------------
[RENDERER] [nemesis-protocol-stage1] Nemesis Protocol loaded. The mission is waiting in the HackHub feed.
==============================================

==============================================
[03/09/2026, 01:22:11] [INFO]
----------------------------------------------
[RENDERER] Custom Browser mod loaded with ordered categories!
==============================================

==============================================
[03/09/2026, 01:22:11] [INFO]
----------------------------------------------
[RENDERER] RetroArcade v1.0.0 loaded!
==============================================

==============================================
[03/09/2026, 01:22:11] [INFO]
----------------------------------------------
[RENDERER] [darknet-tree] Darknet-Tree loaded! Check the App Store for NotePad.
==============================================

==============================================
[03/09/2026, 01:22:11] [INFO]
----------------------------------------------
[RENDERER] [synthetik-wallet] Synthetik Wallet loaded! Find it in the App Store.
==============================================

==============================================
[03/09/2026, 01:22:11] [INFO]
----------------------------------------------
[RENDERER] [GhostLink] v1.0.2 loaded
==============================================

==============================================
[03/09/2026, 01:22:11] [INFO]
----------------------------------------------
[RENDERER] [python-is-python3] Mod loaded! Run: apt-get install python-is-python3
==============================================

==============================================
[03/09/2026, 01:22:11] [INFO]
----------------------------------------------
[RENDERER] Lockchain Wallet mod loaded: websites, phone wallet, marketplace, miner, and isolated RPC registered.
==============================================

==============================================
[03/09/2026, 01:22:11] [INFO]
----------------------------------------------
[RENDERER] [Fishception] biological daemon loaded
==============================================

==============================================
[03/09/2026, 01:22:11] [INFO]
----------------------------------------------
[RENDERER] [Beginner Handbook+] Registered 109 handbook pages without title prefixes. Language: en.
==============================================

==============================================
[03/09/2026, 01:22:11] [INFO]
----------------------------------------------
[RENDERER] [vault-manager] Vault Manager loaded — password vault & sticky notes ready.
==============================================

==============================================
[03/09/2026, 01:22:11] [ERROR]
----------------------------------------------
(node:22544) [DEP0169] DeprecationWarning: `url.parse()` behavior is not standardized and prone to errors that have security implications. Use the WHATWG URL API instead. CVEs are not issued for `url.parse()` vulnerabilities.
(Use `Hackhub --trace-deprecation ...` to show where the warning was created)
==============================================

==============================================
  APPLICATION CLOSING
  Time: 03/09/2026, 01:22:49
==============================================

==============================================
  HACKHUB LOG FILE
  Started: 03/09/2026, 01:49:43
  Version: 1.1.2
  Platform: win32
  Arch: x64
==============================================


==============================================
[03/09/2026, 01:49:43] [INFO]
----------------------------------------------
Steamworks initalized: Zeis [ZF] - 76561197976480835
==============================================

==============================================
[03/09/2026, 01:49:43] [INFO]
----------------------------------------------
[WorkshopController] initialized with appId: 2980270
==============================================

==============================================
[03/09/2026, 01:49:44] [INFO]
----------------------------------------------
[RENDERER] [Markdown Note Editor] Mod loaded.
==============================================

==============================================
[03/09/2026, 01:49:44] [INFO]
----------------------------------------------
[RENDERER] [nemesis-protocol-stage1] Nemesis Protocol loaded. The mission is waiting in the HackHub feed.
==============================================

==============================================
[03/09/2026, 01:49:44] [INFO]
----------------------------------------------
[RENDERER] Custom Browser mod loaded with ordered categories!
==============================================

==============================================
[03/09/2026, 01:49:44] [INFO]
----------------------------------------------
[RENDERER] RetroArcade v1.0.0 loaded!
==============================================

==============================================
[03/09/2026, 01:49:44] [INFO]
----------------------------------------------
[RENDERER] [darknet-tree] Darknet-Tree loaded! Check the App Store for NotePad.
==============================================

==============================================
[03/09/2026, 01:49:44] [INFO]
----------------------------------------------
[RENDERER] [synthetik-wallet] Synthetik Wallet loaded! Find it in the App Store.
==============================================

==============================================
[03/09/2026, 01:49:44] [INFO]
----------------------------------------------
[RENDERER] [GhostLink] v1.0.2 loaded
==============================================

==============================================
[03/09/2026, 01:49:44] [INFO]
----------------------------------------------
[RENDERER] [python-is-python3] Mod loaded! Run: apt-get install python-is-python3
==============================================

==============================================
[03/09/2026, 01:49:44] [INFO]
----------------------------------------------
[RENDERER] Lockchain Wallet mod loaded: websites, phone wallet, marketplace, miner, and isolated RPC registered.
==============================================

==============================================
[03/09/2026, 01:49:44] [INFO]
----------------------------------------------
[RENDERER] [Fishception] biological daemon loaded
==============================================

==============================================
[03/09/2026, 01:49:44] [INFO]
----------------------------------------------
[RENDERER] [Beginner Handbook+] Registered 109 handbook pages without title prefixes. Language: en.
==============================================

==============================================
[03/09/2026, 01:49:44] [INFO]
----------------------------------------------
[RENDERER] [vault-manager] Vault Manager loaded — password vault & sticky notes ready.
==============================================

==============================================
[03/09/2026, 01:49:44] [ERROR]
----------------------------------------------
(node:21788) [DEP0169] DeprecationWarning: `url.parse()` behavior is not standardized and prone to errors that have security implications. Use the WHATWG URL API instead. CVEs are not issued for `url.parse()` vulnerabilities.
(Use `Hackhub --trace-deprecation ...` to show where the warning was created)
==============================================

==============================================
[03/09/2026, 01:49:48] [WARN]
----------------------------------------------
[Network] POST https://gateway.hotbunny.dev/hackhub/auth/steam failed after 530ms: ERR_BAD_REQUEST Request failed with status code 429
==============================================

==============================================
[03/09/2026, 01:49:51] [WARN]
----------------------------------------------
[Network] POST https://gateway.hotbunny.dev/hackhub/auth/steam failed after 532ms: ERR_BAD_REQUEST Request failed with status code 429
==============================================

==============================================
[03/09/2026, 01:49:54] [WARN]
----------------------------------------------
[Network] POST https://gateway.hotbunny.dev/hackhub/auth/steam/challenge failed after 526ms: ERR_BAD_REQUEST Request failed with status code 429
==============================================

==============================================
[03/09/2026, 01:49:55] [WARN]
----------------------------------------------
[Network] POST https://gateway.hotbunny.dev/hackhub/auth/steam/challenge failed after 523ms: ERR_BAD_REQUEST Request failed with status code 429
==============================================

==============================================
[03/09/2026, 01:49:56] [WARN]
----------------------------------------------
[Network] POST https://gateway.hotbunny.dev/hackhub/auth/steam failed after 1841ms: ERR_BAD_REQUEST Request failed with status code 429
==============================================

==============================================
[03/09/2026, 01:49:56] [WARN]
----------------------------------------------
[Network] POST https://gateway.hotbunny.dev/hackhub/auth/steam/challenge failed after 523ms: ERR_BAD_REQUEST Request failed with status code 429
==============================================

==============================================
[03/09/2026, 01:49:56] [WARN]
----------------------------------------------
[Network] GET https://gateway.hotbunny.dev/hackhub/player-notifications?limit=50 failed after 526ms: ERR_BAD_REQUEST Request failed with status code 401
==============================================

==============================================
[03/09/2026, 01:49:56] [WARN]
----------------------------------------------
[Network] GET https://gateway.hotbunny.dev/hackhub/player-notifications?limit=50 failed after 1337ms: ERR_BAD_REQUEST Request failed with status code 401
==============================================

==============================================
[03/09/2026, 01:49:57] [WARN]
----------------------------------------------
[Network] POST https://gateway.hotbunny.dev/hackhub/auth/steam/challenge failed after 526ms: ERR_BAD_REQUEST Request failed with status code 429
==============================================

==============================================
[03/09/2026, 01:49:57] [WARN]
----------------------------------------------
[Network] POST https://gateway.hotbunny.dev/hackhub/auth/steam/challenge failed after 532ms: ERR_BAD_REQUEST Request failed with status code 429
==============================================

==============================================
[03/09/2026, 01:49:59] [WARN]
----------------------------------------------
[Network] POST https://gateway.hotbunny.dev/hackhub/auth/steam/challenge failed after 533ms: ERR_BAD_REQUEST Request failed with status code 429
==============================================

==============================================
[03/09/2026, 01:49:59] [WARN]
----------------------------------------------
[Network] GET https://gateway.hotbunny.dev/hackhub/stats failed after 529ms: ERR_BAD_REQUEST Request failed with status code 401
==============================================

==============================================
[03/09/2026, 01:49:59] [WARN]
----------------------------------------------
[Network] GET https://gateway.hotbunny.dev/hackhub/announcements?limit=10 failed after 536ms: ERR_BAD_REQUEST Request failed with status code 401
==============================================

==============================================
[03/09/2026, 01:49:59] [WARN]
----------------------------------------------
[Network] GET https://gateway.hotbunny.dev/hackhub/polls failed after 1340ms: ERR_BAD_REQUEST Request failed with status code 401
==============================================

==============================================
[03/09/2026, 01:49:59] [WARN]
----------------------------------------------
[Network] GET https://gateway.hotbunny.dev/hackhub/actions failed after 1794ms: ERR_BAD_REQUEST Request failed with status code 401
==============================================

==============================================
[03/09/2026, 01:49:59] [WARN]
----------------------------------------------
[Network] GET https://gateway.hotbunny.dev/hackhub/dlc-store/config failed after 1821ms: ERR_BAD_REQUEST Request failed with status code 401
==============================================

==============================================
[03/09/2026, 01:49:59] [WARN]
----------------------------------------------
[Network] GET https://gateway.hotbunny.dev/hackhub/featured-mods failed after 1831ms: ERR_BAD_REQUEST Request failed with status code 401
==============================================

==============================================
[03/09/2026, 01:49:59] [WARN]
----------------------------------------------
[Network] GET https://gateway.hotbunny.dev/hackhub/pages failed after 1833ms: ERR_BAD_REQUEST Request failed with status code 401
==============================================

==============================================
[03/09/2026, 01:49:59] [WARN]
----------------------------------------------
[Network] GET https://gateway.hotbunny.dev/hackhub/player-notifications?limit=50 failed after 533ms: ERR_BAD_REQUEST Request failed with status code 401
==============================================

==============================================
  APPLICATION CLOSING
  Time: 03/09/2026, 01:50:04
==============================================

==============================================
  APPLICATION CLOSING
  Time: 03/09/2026, 01:50:04
==============================================

==============================================
  HACKHUB LOG FILE
  Started: 03/09/2026, 01:50:30
  Version: 1.1.2
  Platform: win32
  Arch: x64
==============================================


==============================================
[03/09/2026, 01:50:31] [INFO]
----------------------------------------------
Steamworks initalized: Zeis [ZF] - 76561197976480835
==============================================

==============================================
[03/09/2026, 01:50:31] [INFO]
----------------------------------------------
[WorkshopController] initialized with appId: 2980270
==============================================

==============================================
[03/09/2026, 01:50:31] [INFO]
----------------------------------------------
[RENDERER] [Markdown Note Editor] Mod loaded.
==============================================

==============================================
[03/09/2026, 01:50:31] [INFO]
----------------------------------------------
[RENDERER] [nemesis-protocol-stage1] Nemesis Protocol loaded. The mission is waiting in the HackHub feed.
==============================================

==============================================
[03/09/2026, 01:50:31] [INFO]
----------------------------------------------
[RENDERER] Custom Browser mod loaded with ordered categories!
==============================================

==============================================
[03/09/2026, 01:50:31] [INFO]
----------------------------------------------
[RENDERER] RetroArcade v1.0.0 loaded!
==============================================

==============================================
[03/09/2026, 01:50:31] [INFO]
----------------------------------------------
[RENDERER] [darknet-tree] Darknet-Tree loaded! Check the App Store for NotePad.
==============================================

==============================================
[03/09/2026, 01:50:31] [INFO]
----------------------------------------------
[RENDERER] [synthetik-wallet] Synthetik Wallet loaded! Find it in the App Store.
==============================================

==============================================
[03/09/2026, 01:50:31] [INFO]
----------------------------------------------
[RENDERER] [GhostLink] v1.0.2 loaded
==============================================

==============================================
[03/09/2026, 01:50:31] [INFO]
----------------------------------------------
[RENDERER] [python-is-python3] Mod loaded! Run: apt-get install python-is-python3
==============================================

==============================================
[03/09/2026, 01:50:31] [INFO]
----------------------------------------------
[RENDERER] Lockchain Wallet mod loaded: websites, phone wallet, marketplace, miner, and isolated RPC registered.
==============================================

==============================================
[03/09/2026, 01:50:31] [INFO]
----------------------------------------------
[RENDERER] [Fishception] biological daemon loaded
==============================================

==============================================
[03/09/2026, 01:50:31] [INFO]
----------------------------------------------
[RENDERER] [Beginner Handbook+] Registered 109 handbook pages without title prefixes. Language: en.
==============================================

==============================================
[03/09/2026, 01:50:31] [INFO]
----------------------------------------------
[RENDERER] [vault-manager] Vault Manager loaded — password vault & sticky notes ready.
==============================================

==============================================
[03/09/2026, 01:50:32] [ERROR]
----------------------------------------------
(node:27812) [DEP0169] DeprecationWarning: `url.parse()` behavior is not standardized and prone to errors that have security implications. Use the WHATWG URL API instead. CVEs are not issued for `url.parse()` vulnerabilities.
(Use `Hackhub --trace-deprecation ...` to show where the warning was created)
==============================================

==============================================
[03/09/2026, 01:50:33] [WARN]
----------------------------------------------
[Network] POST https://gateway.hotbunny.dev/hackhub/auth/steam/challenge failed after 1350ms: ERR_BAD_REQUEST Request failed with status code 429
==============================================

==============================================
[03/09/2026, 01:50:34] [WARN]
----------------------------------------------
[Network] POST https://gateway.hotbunny.dev/hackhub/auth/steam/challenge failed after 535ms: ERR_BAD_REQUEST Request failed with status code 429
==============================================

==============================================
[03/09/2026, 01:50:35] [WARN]
----------------------------------------------
[Network] POST https://gateway.hotbunny.dev/hackhub/auth/steam/challenge failed after 533ms: ERR_BAD_REQUEST Request failed with status code 429
==============================================

==============================================
[03/09/2026, 01:50:36] [WARN]
----------------------------------------------
[Network] POST https://gateway.hotbunny.dev/hackhub/auth/steam/challenge failed after 531ms: ERR_BAD_REQUEST Request failed with status code 429
==============================================

==============================================
[03/09/2026, 01:50:37] [WARN]
----------------------------------------------
[Network] POST https://gateway.hotbunny.dev/hackhub/auth/steam/challenge failed after 534ms: ERR_BAD_REQUEST Request failed with status code 429
==============================================

==============================================
[03/09/2026, 01:50:38] [WARN]
----------------------------------------------
[Network] POST https://gateway.hotbunny.dev/hackhub/auth/steam/challenge failed after 530ms: ERR_BAD_REQUEST Request failed with status code 429
==============================================

==============================================
[03/09/2026, 01:50:38] [WARN]
----------------------------------------------
[Network] GET https://gateway.hotbunny.dev/hackhub/stats failed after 530ms: ERR_BAD_REQUEST Request failed with status code 401
==============================================

==============================================
[03/09/2026, 01:50:38] [WARN]
----------------------------------------------
[Network] GET https://gateway.hotbunny.dev/hackhub/announcements?limit=10 failed after 534ms: ERR_BAD_REQUEST Request failed with status code 401
==============================================

==============================================
[03/09/2026, 01:50:38] [WARN]
----------------------------------------------
[Network] GET https://gateway.hotbunny.dev/hackhub/pages failed after 1324ms: ERR_BAD_REQUEST Request failed with status code 401
==============================================

==============================================
[03/09/2026, 01:50:38] [WARN]
----------------------------------------------
[Network] GET https://gateway.hotbunny.dev/hackhub/actions failed after 1336ms: ERR_BAD_REQUEST Request failed with status code 401
==============================================

==============================================
[03/09/2026, 01:50:38] [WARN]
----------------------------------------------
[Network] GET https://gateway.hotbunny.dev/hackhub/polls failed after 1347ms: ERR_BAD_REQUEST Request failed with status code 401
==============================================

==============================================
[03/09/2026, 01:50:38] [WARN]
----------------------------------------------
[Network] GET https://gateway.hotbunny.dev/hackhub/dlc-store/config failed after 1346ms: ERR_BAD_REQUEST Request failed with status code 401
==============================================

==============================================
[03/09/2026, 01:50:38] [WARN]
----------------------------------------------
[Network] GET https://gateway.hotbunny.dev/hackhub/featured-mods failed after 1838ms: ERR_BAD_REQUEST Request failed with status code 401
==============================================

==============================================
[03/09/2026, 01:50:39] [WARN]
----------------------------------------------
[Network] POST https://gateway.hotbunny.dev/hackhub/auth/steam/challenge failed after 524ms: ERR_BAD_REQUEST Request failed with status code 429
==============================================

==============================================
[03/09/2026, 01:50:40] [WARN]
----------------------------------------------
[Network] POST https://gateway.hotbunny.dev/hackhub/auth/steam/challenge failed after 531ms: ERR_BAD_REQUEST Request failed with status code 429
==============================================

==============================================
  APPLICATION CLOSING
  Time: 03/09/2026, 01:51:02
==============================================

==============================================
  APPLICATION CLOSING
  Time: 03/09/2026, 01:51:02
==============================================
